[banksyariahberkah.com/beranda.html]
[backblue.gif]
[fade.gif]
[index.html]
[banksyariahberkah.com/assets/img/icon.png]
[banksyariahberkah.com/assets/img/logo.png]
[banksyariahberkah.com/index.html]
[banksyariahberkah.com/assets/css/bootstrap.min.css]
[banksyariahberkah.com/assets/css/nice-select.css]
[banksyariahberkah.com/assets/css/font-awesome.min.css]
[banksyariahberkah.com/assets/css/icofont.css]
[banksyariahberkah.com/assets/css/slicknav.min.css]
[banksyariahberkah.com/assets/css/owl-carousel.css]
[banksyariahberkah.com/assets/css/datepicker.css]
[banksyariahberkah.com/assets/css/animate.min.css]
[banksyariahberkah.com/assets/css/magnific-popup.css]
[banksyariahberkah.com/assets/css/normalize.css]
[banksyariahberkah.com/assets/style.css]
[banksyariahberkah.com/assets/css/responsive.css]
[cdn.jsdelivr.net/npm/flatpickr/dist/flatpickr.min.css]
[cdn.jsdelivr.net/npm/flatpickr.11.delayed]
[static.elfsight.com/platform/platform.js]
[banksyariahberkah.com/profil/sejarahperusahaan.html]
[banksyariahberkah.com/profil/visimisi.html]
[banksyariahberkah.com/profil/struktur.html]
[banksyariahberkah.com/profil/penghargaan.html]
[banksyariahberkah.com/profil/pemegangsaham.html]
[banksyariahberkah.com/profil/dewankomisaris.html]
[banksyariahberkah.com/profil/dewanpengawassyariah.html]
[banksyariahberkah.com/profil/dewandireksi.html]
[banksyariahberkah.com/kantor/kpat.html]
[banksyariahberkah.com/kantor/kkd.html]
[banksyariahberkah.com/kantor/kcp.html]
[banksyariahberkah.com/kantor/kkb.html]
[banksyariahberkah.com/produk/tabunganberkah.html]
[banksyariahberkah.com/produk/tabunganku.html]
[banksyariahberkah.com/produk/tabunganqurban.html]
[banksyariahberkah.com/produk/tabunganumroh.html]
[banksyariahberkah.com/produk/tabungansimpelberkah.html]
[banksyariahberkah.com/produk/depositoberkah.html]
[banksyariahberkah.com/produk/pembiayaanmurabahah.html]
[banksyariahberkah.com/produk/pembiayaanmudharabah.html]
[banksyariahberkah.com/produk/pembiayaanmusyarakah.html]
[banksyariahberkah.com/produk/pembiayaanalqordh.html]
[banksyariahberkah.com/produk/pembiayaanistishna.html]
[banksyariahberkah.com/produk/pembiayaanmultijasa.html]
[banksyariahberkah.com/layanan/simulasi_angsuran.html]
[banksyariahberkah.com/pengajuan/pembiayaan.html]
[banksyariahberkah.com/bicheking/bicheking.html]
[banksyariahberkah.com/layanan/karir.html]
[banksyariahberkah.com/pengaduan/nasabah.html]
[banksyariahberkah.com/informasi/all_berita.html]
[banksyariahberkah.com/laporan/publikasi.html]
[banksyariahberkah.com/laporan/tatakelola.html]
[banksyariahberkah.com/laporan/csr.html]
[banksyariahberkah.com/laporan/laporantahunan.html]
[banksyariahberkah.com/laporan/piagamauditinternal.html]
[banksyariahberkah.com/assets/img/pemda.png]
[banksyariahberkah.com/assets/img/slider_core1.png]
[banksyariahberkah.com/assets/img/slide_tabungan.png]
[banksyariahberkah.com/assets/img/slide_pembiayaan.png]
[banksyariahberkah.com/assets/img/foto_informasi/info_loker_april_2026.png]
[banksyariahberkah.com/assets/img/foto_informasi/pembiayaan_mobil.jpg]
[banksyariahberkah.com/assets/img/foto_informasi/pembiayaan_sepeda_motor.jpg]
[banksyariahberkah.com/assets/img/foto_informasi/pembiayaan_kebun.jpg]
[banksyariahberkah.com/assets/img/foto_informasi/pembiayaan_bangunan.jpg]
[banksyariahberkah.com/assets/img/foto_informasi/top_bumd_2025.png]
[banksyariahberkah.com/assets/img/foto_berita/imsakiyah_2025.jpg]
[banksyariahberkah.com/informasi/jadwal_imsakiyah_27_02_2025.html]
[banksyariahberkah.com/assets/img/foto_berita/pengumuman_perubahan_nama_13_2_2025.png]
[banksyariahberkah.com/informasi/pengumuman_perubahan_nama_13_02_2025.html]
[banksyariahberkah.com/assets/img/foto_berita/rupslb16_12_2024.jpg]
[banksyariahberkah.com/informasi/rupslb16_12_2024.html]
[banksyariahberkah.com/menu_produk/produk.html]
[banksyariahberkah.com/assets/img/masjid.png]
[banksyariahberkah.com/assets/js/jquery-migrate-3.0.0.js]
[banksyariahberkah.com/assets/js/jquery-ui.min.js]
[banksyariahberkah.com/assets/js/jquery.min.js]
[banksyariahberkah.com/assets/js/easing.js]
[banksyariahberkah.com/assets/js/colors.js]
[banksyariahberkah.com/assets/js/popper.min.js]
[banksyariahberkah.com/assets/js/bootstrap-datepicker.js]
[banksyariahberkah.com/assets/js/jquery.nav.js]
[banksyariahberkah.com/assets/js/slicknav.min.js]
[banksyariahberkah.com/assets/js/jquery.scrollUp.min.js]
[banksyariahberkah.com/assets/js/niceselect.js]
[banksyariahberkah.com/assets/js/tilt.jquery.min.js]
[banksyariahberkah.com/assets/js/owl-carousel.js]
[banksyariahberkah.com/assets/js/jquery.counterup.min.js]
[banksyariahberkah.com/assets/js/steller.js]
[banksyariahberkah.com/assets/js/wow.min.js]
[banksyariahberkah.com/assets/js/jquery.magnific-popup.min.js]
[banksyariahberkah.com/assets/http_/cdnjs.cloudflare.com/ajax/libs/waypoints/2.0.3/waypoints.min.js]
[cdnjs.cloudflare.com/ajax/libs/waypoints/2.0.3/waypoints.min.js]
[banksyariahberkah.com/assets/js/bootstrap.min.js]
[banksyariahberkah.com/beranda.html]
[banksyariahberkah.com/assets/js/main.js]
[banksyariahberkah.com/index.html]
[fonts.gstatic.com/s/poppins/v24/pxiDyp8kv8JHgFVrJJLmv1pVF9eL.5e.delayed]
[fonts.gstatic.com/s/poppins/v24/pxiDyp8kv8JHgFVrJJLm21lVF9eL.ttf]
[fonts.gstatic.com/s/poppins/v24/pxiGyp8kv8JHgFVrJJLucHtF.ttf]
[fonts.gstatic.com/s/poppins/v24/pxiDyp8kv8JHgFVrJJLmg1hVF9eL.ttf]
[fonts.gstatic.com/s/poppins/v24/pxiDyp8kv8JHgFVrJJLmr19VF9eL.ttf]
[fonts.gstatic.com/s/poppins/v24/pxiDyp8kv8JHgFVrJJLmy15VF9eL.ttf]
[fonts.gstatic.com/s/poppins/v24/pxiDyp8kv8JHgFVrJJLm111VF9eL.ttf]
[fonts.gstatic.com/s/poppins/v24/pxiDyp8kv8JHgFVrJJLm81xVF9eL.ttf]
[fonts.gstatic.com/s/poppins/v24/pxiByp8kv8JHgFVrLDz8Z1xlEA.ttf]
[fonts.gstatic.com/s/poppins/v24/pxiEyp8kv8JHgFVrJJfedw.ttf]
[fonts.gstatic.com/s/poppins/v24/pxiByp8kv8JHgFVrLGT9Z1xlEA.ttf]
[fonts.gstatic.com/s/poppins/v24/pxiByp8kv8JHgFVrLEj6Z1xlEA.ttf]
[fonts.gstatic.com/s/poppins/v24/pxiByp8kv8JHgFVrLCz7Z1xlEA.ttf]
[fonts.gstatic.com/s/poppins/v24/pxiByp8kv8JHgFVrLDD4Z1xlEA.ttf]
[fonts.googleapis.com/css.32c98.delayed]
[banksyariahberkah.com/assets/css/bootstrap.min.css]
[banksyariahberkah.com/assets/css/nice-select.css]
[fonts.gstatic.com/s/poppins/v24/pxiByp8kv8JHgFVrLBT5Z1xlEA.ttf]
[banksyariahberkah.com/assets/fonts/fontawesome-webfont3e6e.eot]
[banksyariahberkah.com/assets/fonts/fontawesome-webfontd41d.eot]
[banksyariahberkah.com/assets/fonts/fontawesome-webfont3e6e.woff2]
[banksyariahberkah.com/assets/fonts/fontawesome-webfont3e6e.woff]
[banksyariahberkah.com/assets/fonts/fontawesome-webfont3e6e.ttf]
[banksyariahberkah.com/assets/css/font-awesome.min.css]
[banksyariahberkah.com/assets/fonts/icofont.woff2]
[banksyariahberkah.com/assets/fonts/fontawesome-webfont3e6e.svg]
[banksyariahberkah.com/assets/css/fonts/icofont.74.delayed]
[banksyariahberkah.com/assets/css/icofont.css]
[banksyariahberkah.com/assets/css/slicknav.min.css]
[banksyariahberkah.com/assets/css/owl.video.play.png]
[banksyariahberkah.com/assets/css/owl-carousel.css]
[banksyariahberkah.com/assets/css/datepicker.css]
[banksyariahberkah.com/assets/css/animate.min.css]
[banksyariahberkah.com/assets/css/magnific-popup.css]
[banksyariahberkah.com/assets/img/bread-bg.jpg]
[banksyariahberkah.com/assets/css/normalize.css]
[banksyariahberkah.com/assets/img/bg.png]
[banksyariahberkah.com/assets/img/video-bg.jpg]
[banksyariahberkah.com/assets/img/bg2.png]
[banksyariahberkah.com/assets/img/signup-bg.jpg]
[banksyariahberkah.com/assets/img/testi-bg.jpg]
[banksyariahberkah.com/assets/img/client-bg.jpg]
[banksyariahberkah.com/assets/img/blockqoute-bg.jpg]
[banksyariahberkah.com/assets/img/about-img.jpg]
[banksyariahberkah.com/assets/img/mission-img.jpg]
[banksyariahberkah.com/assets/style.css]
[banksyariahberkah.com/assets/css/responsive.css]
[cdn.jsdelivr.net/npm/flatpickr/dist/flatpickr.min.css]
[banksyariahberkah.com/profil/sejarahperusahaan.html]
[banksyariahberkah.com/profil/visimisi.html]
[banksyariahberkah.com/profil/struktur.html]
[banksyariahberkah.com/assets/img/struktur_bprs.jpg]
[banksyariahberkah.com/assets/img/penghargaan/2011.jpg]
[banksyariahberkah.com/assets/img/penghargaan/2018.jpg]
[banksyariahberkah.com/assets/img/penghargaan/2020.jpg]
[banksyariahberkah.com/assets/img/penghargaan/2020-2021.jpg]
[banksyariahberkah.com/assets/img/penghargaan/2021-2022.jpg]
[banksyariahberkah.com/assets/img/penghargaan/2022.jpg]
[banksyariahberkah.com/assets/img/penghargaan/bumd_award_2025.png]
[banksyariahberkah.com/profil/penghargaan.html]
[banksyariahberkah.com/profil/pemegangsaham.html]
[banksyariahberkah.com/assets/img/rizaldi.png]
[banksyariahberkah.com/assets/img/purwoko.png]
[banksyariahberkah.com/profil/dewankomisaris.html]
[banksyariahberkah.com/assets/img/rahmadilahi.png]
[banksyariahberkah.com/profil/dewanpengawassyariah.html]
[banksyariahberkah.com/assets/img/novrawaldy.png]
[banksyariahberkah.com/profil/dewandireksi.html]
[banksyariahberkah.com/kantor/kpat.html]
[banksyariahberkah.com/kantor/kkd.html]
[www.google.com/maps/embedee79.html]
[banksyariahberkah.com/kantor/kcp.html]
[www.google.com/maps/embed7f46.html]
[banksyariahberkah.com/kantor/kkb.html]
[banksyariahberkah.com/produk/tabunganberkah.html]
[banksyariahberkah.com/produk/tabunganku.html]
[banksyariahberkah.com/produk/tabunganqurban.html]
[banksyariahberkah.com/produk/tabunganumroh.html]
[banksyariahberkah.com/produk/tabungansimpelberkah.html]
[banksyariahberkah.com/produk/depositoberkah.html]
[banksyariahberkah.com/produk/pembiayaanmurabahah.html]
[banksyariahberkah.com/produk/pembiayaanmudharabah.html]
[banksyariahberkah.com/produk/pembiayaanmusyarakah.html]
[banksyariahberkah.com/produk/pembiayaanalqordh.html]
[banksyariahberkah.com/produk/pembiayaanistishna.html]
[banksyariahberkah.com/produk/pembiayaanmultijasa.html]
[banksyariahberkah.com/layanan/simulasi_angsuran.html]
[www.google.com/maps/embed0ad3.html]
[banksyariahberkah.com/pengajuan/pembiayaan.html]
[banksyariahberkah.com/bicheking/bicheking.html]
[banksyariahberkah.com/layanan/karir.html]
[banksyariahberkah.com/pengaduan/nasabah.html]
[cdn.jsdelivr.net/npm/bootstrap@5.3.0/dist/js/bootstrap.bundle.min.js]
[banksyariahberkah.com/assets/img/foto_berita/rups07_04_2024.jpg]
[banksyariahberkah.com/informasi/rups07_04_2024.html]
[banksyariahberkah.com/assets/img/foto_berita/rupslb01_11_2023.jpg]
[banksyariahberkah.com/informasi/all_berita.html]
[banksyariahberkah.com/informasi/rupslb01_11_2023.html]
[banksyariahberkah.com/menu_laporan/publikasi/images/p_2019.png]
[banksyariahberkah.com/menu_laporan/publikasi/file/2019/publikasi_maret_2019.pdf]
[banksyariahberkah.com/menu_laporan/publikasi/file/2019/publikasi_juni_2019.pdf]
[banksyariahberkah.com/menu_laporan/publikasi/file/2019/publikasi_september_2019.pdf]
[banksyariahberkah.com/menu_laporan/publikasi/file/2019/publikasi_desember_2019.pdf]
[banksyariahberkah.com/menu_laporan/publikasi/images/p_2020.png]
[banksyariahberkah.com/menu_laporan/publikasi/file/2020/publikasi_maret_2020.xlsx]
[banksyariahberkah.com/menu_laporan/publikasi/file/2020/publikasi_juni_2020.xlsx]
[banksyariahberkah.com/menu_laporan/publikasi/file/2020/publikasi_september_2020.xlsx]
[banksyariahberkah.com/menu_laporan/publikasi/file/2020/publikasi_desember_2020.xlsx]
[banksyariahberkah.com/menu_laporan/publikasi/images/p_2021.png]
[banksyariahberkah.com/menu_laporan/publikasi/file/2021/publikasi_maret_2021.xlsx]
[banksyariahberkah.com/menu_laporan/publikasi/file/2021/publikasi_juni_2021.xlsx]
[banksyariahberkah.com/menu_laporan/publikasi/file/2021/publikasi_september_2021.xlsx]
[banksyariahberkah.com/menu_laporan/publikasi/file/2021/publikasi_desember_2021.xlsx]
[banksyariahberkah.com/menu_laporan/publikasi/images/p_2022.png]
[banksyariahberkah.com/menu_laporan/publikasi/file/2022/publikasi_maret_2022.xlsx]
[banksyariahberkah.com/menu_laporan/publikasi/file/2022/publikasi_juni_2022.xlsx]
[banksyariahberkah.com/menu_laporan/publikasi/file/2022/publikasi_september_2022.xlsx]
[banksyariahberkah.com/menu_laporan/publikasi/file/2022/publikasi_desember_2022.xlsx]
[banksyariahberkah.com/menu_laporan/publikasi/images/p_2023.png]
[banksyariahberkah.com/menu_laporan/publikasi/file/2023/publikasi_maret_2023.xlsx]
[banksyariahberkah.com/menu_laporan/publikasi/file/2023/publikasi_juni_2022.xlsx]
[banksyariahberkah.com/menu_laporan/publikasi/file/2023/publikasi_september_2023.xlsx]
[banksyariahberkah.com/menu_laporan/publikasi/file/2023/publikasi_desember_2023.xlsx]
[banksyariahberkah.com/menu_laporan/publikasi/images/p_2024.png]
[banksyariahberkah.com/menu_laporan/publikasi/file/2024/publikasi_maret_2024.pdf]
[banksyariahberkah.com/menu_laporan/publikasi/file/2024/publikasi_juni_2024.pdf]
[banksyariahberkah.com/menu_laporan/publikasi/file/2024/publikasi_september_2024.pdf]
[banksyariahberkah.com/menu_laporan/publikasi/file/2024/publiksi_desember_2024.pdf]
[banksyariahberkah.com/menu_laporan/publikasi/images/p_2025.png]
[banksyariahberkah.com/menu_laporan/publikasi/file/2025/publikasi_maret_2025.pdf]
[banksyariahberkah.com/menu_laporan/publikasi/file/2025/publikasi_juni_2025.pdf]
[banksyariahberkah.com/menu_laporan/publikasi/file/2025/publikasi_september_2025.pdf]
[banksyariahberkah.com/menu_laporan/publikasi/file/2025/publikasi_desember_2025.pdf]
[banksyariahberkah.com/menu_laporan/publikasi/images/p_2026.png]
[banksyariahberkah.com/menu_laporan/publikasi/file/2026/publikasi_maret_2026.pdf]
[banksyariahberkah.com/laporan/publikasi.html]
[banksyariahberkah.com/menu_laporan/tatakelola/images/tk_2023.png]
[banksyariahberkah.com/menu_laporan/tatakelola/file/2023/laporan_tata_kelola_2023.pdf]
[banksyariahberkah.com/menu_laporan/tatakelola/images/tk_2024.png]
[banksyariahberkah.com/menu_laporan/tatakelola/file/2024/laporan_tata_kelola_2024.pdf]
[banksyariahberkah.com/menu_laporan/tatakelola/images/tk_2025.png]
[banksyariahberkah.com/menu_laporan/tatakelola/file/2025/laporan_tata_kelola_2025.pdf]
[banksyariahberkah.com/menu_laporan/tatakelola/images/tk_2026.png]
[banksyariahberkah.com/laporan/tatakelola.html]
[banksyariahberkah.com/assets/img/csr_2024/1.png]
[banksyariahberkah.com/assets/img/csr_2024/2.png]
[banksyariahberkah.com/assets/img/csr_2024/3.png]
[banksyariahberkah.com/assets/img/csr_2024/4.png]
[banksyariahberkah.com/assets/img/csr_2024/5.png]
[banksyariahberkah.com/assets/img/csr_2024/6.png]
[banksyariahberkah.com/laporan/csr.html]
[banksyariahberkah.com/menu_laporan/laporantahunan/images/lp_2024.png]
[banksyariahberkah.com/menu_laporan/laporantahunan/file/2024/laporan_tahunan_2024.pdf]
[banksyariahberkah.com/menu_laporan/laporantahunan/images/lpt_2025.png]
[banksyariahberkah.com/menu_laporan/laporantahunan/file/2025/laporan_tahunan_2025.pdf]
[banksyariahberkah.com/laporan/laporantahunan.html]
[banksyariahberkah.com/menu_laporan/auditinternal/piagam_audit_internal.png]
[banksyariahberkah.com/menu_laporan/auditinternal/piagam_audit_internal.pdf]
[banksyariahberkah.com/laporan/piagamauditinternal.html]
[banksyariahberkah.com/assets/img/foto_informasi/informasi_lps.png]
[banksyariahberkah.com/informasi/news-single.cd.delayed]
[banksyariahberkah.com/assets/img/foto_berita/imsakiyah_kampar_2025.jpg]
[banksyariahberkah.com/assets/img/foto_berita/imsakiyah_pekanbaru_2025.jpg]
[banksyariahberkah.com/informasi/jadwal_imsakiyah_27_02_2025.html]
[banksyariahberkah.com/assets/img/foto_berita/pengumuman_perubahan_nama_13_02_2025.png]
[banksyariahberkah.com/informasi/pengumuman_perubahan_nama_13_02_2025.html]
[banksyariahberkah.com/informasi/rupslb16_12_2024.html]
[banksyariahberkah.com/menu_produk/produk.html]
[banksyariahberkah.com/assets/http_/cdnjs.cloudflare.com/ajax/libs/waypoints/2.0.3/waypoints.min.html]
[banksyariahberkah.com/assets/fonts/fontawesome-webfont3e6e.svg]
[banksyariahberkah.com/assets/css/fonts/icofont.html]
[banksyariahberkah.com/assets/css/owl.video.play.html]
[banksyariahberkah.com/assets/img/bread-bg.html]
[banksyariahberkah.com/assets/img/video-bg.html]
[banksyariahberkah.com/assets/img/signup-bg.html]
[banksyariahberkah.com/assets/img/testi-bg.html]
[banksyariahberkah.com/assets/img/client-bg.html]
[banksyariahberkah.com/assets/img/blockqoute-bg.html]
[banksyariahberkah.com/assets/img/about-img.html]
[banksyariahberkah.com/assets/img/mission-img.html]
[banksyariahberkah.com/assets/img/index.html]
[www.google.com/maps/embed.8c12d0.delayed]
[www.google.com/maps/embed.8c12d0.delayed]
[maps.gstatic.com/maps-api-v3/embed/js/65/2d/init_embed.js]
[www.google.com/maps/embedee79.html]
[www.google.com/maps/embed7f46.html]
[www.google.com/maps/embed0ad3.html]
[banksyariahberkah.com/informasi/rups07_04_2024.html]
[banksyariahberkah.com/informasi/rupslb01_11_2023.html]
[banksyariahberkah.com/informasi/news-single.html]
[banksyariahberkah.com/menu_laporan/laporantahunan/file/2025/laporan_tahunan_2025.pdf]
[banksyariahberkah.com/assets/img/foto_berita/imsakiyah_kampar_2025.jpg]
[banksyariahberkah.com/assets/img/foto_berita/imsakiyah_pekanbaru_2025.jpg]
